/home/firemax/Mobile_system_new_generations/src/jeromq/src/test/java/zmq/io/mechanism/SecurityCurveTest.java
/home/firemax/Mobile_system_new_generations/src/jeromq/src/test/java/guide/flclient2.java
/home/firemax/Mobile_system_new_generations/src/jeromq/src/test/java/guide/version.java
/home/firemax/Mobile_system_new_generations/src/jeromq/src/test/java/guide/clonecli1.java
/home/firemax/Mobile_system_new_generations/src/jeromq/src/test/java/zmq/socket/reqrep/DealerDealerTest.java
/home/firemax/Mobile_system_new_generations/src/jeromq/src/test/java/org/zeromq/HighWatermarkTest.java
/home/firemax/Mobile_system_new_generations/src/jeromq/src/test/java/zmq/socket/reqrep/RepSpecTest.java
/home/firemax/Mobile_system_new_generations/src/jeromq/src/test/java/org/zeromq/TestSocketStreams.java
/home/firemax/Mobile_system_new_generations/src/jeromq/src/test/java/org/zeromq/PushPullTest.java
/home/firemax/Mobile_system_new_generations/src/jeromq/src/test/java/zmq/socket/pubsub/PubTest.java
/home/firemax/Mobile_system_new_generations/src/jeromq/src/test/java/guide/flclient1.java
/home/firemax/Mobile_system_new_generations/src/jeromq/src/test/java/org/zeromq/SelectorProviderTest.java
/home/firemax/Mobile_system_new_generations/src/jeromq/src/test/java/guide/ppqueue.java
/home/firemax/Mobile_system_new_generations/src/jeromq/src/test/java/perf/LocalLat.java
/home/firemax/Mobile_system_new_generations/src/jeromq/src/test/java/zmq/util/TestBlob.java
/home/firemax/Mobile_system_new_generations/src/jeromq/src/test/java/guide/syncsub.java
/home/firemax/Mobile_system_new_generations/src/jeromq/src/test/java/zmq/socket/reqrep/TestReqrepDevice.java
/home/firemax/Mobile_system_new_generations/src/jeromq/src/test/java/guide/ZHelper.java
/home/firemax/Mobile_system_new_generations/src/jeromq/src/test/java/zmq/TestConnectDelay.java
/home/firemax/Mobile_system_new_generations/src/jeromq/src/test/java/zmq/socket/pubsub/XPubManualTest.java
/home/firemax/Mobile_system_new_generations/src/jeromq/src/test/java/guide/tasksink.java
/home/firemax/Mobile_system_new_generations/src/jeromq/src/test/java/zmq/TestHelloMsg.java
/home/firemax/Mobile_system_new_generations/src/jeromq/src/test/java/zmq/InprocUnbindTest.java
/home/firemax/Mobile_system_new_generations/src/jeromq/src/test/java/org/zeromq/TestZStar.java
/home/firemax/Mobile_system_new_generations/src/jeromq/src/test/java/zmq/proxy/ProxyTcpTest.java
/home/firemax/Mobile_system_new_generations/src/jeromq/src/test/java/zmq/util/MultimapTest.java
/home/firemax/Mobile_system_new_generations/src/jeromq/src/test/java/zmq/socket/pubsub/DistTest.java
/home/firemax/Mobile_system_new_generations/src/jeromq/src/test/java/guide/clonesrv4.java
/home/firemax/Mobile_system_new_generations/src/jeromq/src/test/java/zmq/io/coder/AbstractDecoderTest.java
/home/firemax/Mobile_system_new_generations/src/jeromq/src/test/java/guide/mdcliapi.java
/home/firemax/Mobile_system_new_generations/src/jeromq/src/test/java/zmq/socket/reqrep/ReqSpecTest.java
/home/firemax/Mobile_system_new_generations/src/jeromq/src/test/java/zmq/socket/pubsub/XPubNodropTest.java
/home/firemax/Mobile_system_new_generations/src/jeromq/src/test/java/org/zeromq/ReqRepTest.java
/home/firemax/Mobile_system_new_generations/src/jeromq/src/test/java/zmq/poll/PollerTest.java
/home/firemax/Mobile_system_new_generations/src/jeromq/src/test/java/org/zeromq/TemporaryFolderFinder.java
/home/firemax/Mobile_system_new_generations/src/jeromq/src/test/java/perf/RemoteThr.java
/home/firemax/Mobile_system_new_generations/src/jeromq/src/test/java/zmq/proxy/ProxyTerminateTest.java
/home/firemax/Mobile_system_new_generations/src/jeromq/src/test/java/guide/mdclient.java
/home/firemax/Mobile_system_new_generations/src/jeromq/src/test/java/zmq/InprocDisconnectTest.java
/home/firemax/Mobile_system_new_generations/src/jeromq/src/test/java/zmq/proxy/ProxySingleSocketTest.java
/home/firemax/Mobile_system_new_generations/src/jeromq/src/test/java/zmq/socket/pubsub/MTrieTest.java
/home/firemax/Mobile_system_new_generations/src/jeromq/src/test/java/guide/clonesrv3.java
/home/firemax/Mobile_system_new_generations/src/jeromq/src/test/java/zmq/OptionsTest.java
/home/firemax/Mobile_system_new_generations/src/jeromq/src/test/java/guide/bstar.java
/home/firemax/Mobile_system_new_generations/src/jeromq/src/test/java/zmq/TestTermEndpoint.java
/home/firemax/Mobile_system_new_generations/src/jeromq/src/test/java/org/zeromq/PubSubTest.java
/home/firemax/Mobile_system_new_generations/src/jeromq/src/test/java/guide/rrclient.java
/home/firemax/Mobile_system_new_generations/src/jeromq/src/test/java/guide/syncpub.java
/home/firemax/Mobile_system_new_generations/src/jeromq/src/test/java/zmq/ConnectRidTest.java
/home/firemax/Mobile_system_new_generations/src/jeromq/src/test/java/zmq/io/coder/V1DecoderTest.java
/home/firemax/Mobile_system_new_generations/src/jeromq/src/test/java/org/zeromq/timer/ZTicketTest.java
/home/firemax/Mobile_system_new_generations/src/jeromq/src/test/java/org/zeromq/auth/ZAuthTest.java
/home/firemax/Mobile_system_new_generations/src/jeromq/src/test/java/guide/clonecli6.java
/home/firemax/Mobile_system_new_generations/src/jeromq/src/test/java/guide/suisnail.java
/home/firemax/Mobile_system_new_generations/src/jeromq/src/test/java/org/zeromq/proto/ZNeedleTest.java
/home/firemax/Mobile_system_new_generations/src/jeromq/src/test/java/org/zeromq/util/ZDataTest.java
/home/firemax/Mobile_system_new_generations/src/jeromq/src/test/java/zmq/io/net/BindSrcAddressTest.java
/home/firemax/Mobile_system_new_generations/src/jeromq/src/test/java/guide/peering2.java
/home/firemax/Mobile_system_new_generations/src/jeromq/src/test/java/zmq/io/StreamEngineTest.java
/home/firemax/Mobile_system_new_generations/src/jeromq/src/test/java/guide/spworker.java
/home/firemax/Mobile_system_new_generations/src/jeromq/src/test/java/zmq/io/coder/CustomDecoderTest.java
/home/firemax/Mobile_system_new_generations/src/jeromq/src/test/java/zmq/socket/reqrep/DealerSpecTest.java
/home/firemax/Mobile_system_new_generations/src/jeromq/src/test/java/guide/hwserver.java
/home/firemax/Mobile_system_new_generations/src/jeromq/src/test/java/zmq/TestSocketPoll.java
/home/firemax/Mobile_system_new_generations/src/jeromq/src/test/java/zmq/io/AbstractProtocolVersion.java
/home/firemax/Mobile_system_new_generations/src/jeromq/src/test/java/zmq/socket/stream/StreamEmptyTest.java
/home/firemax/Mobile_system_new_generations/src/jeromq/src/test/java/guide/taskwork2.java
/home/firemax/Mobile_system_new_generations/src/jeromq/src/test/java/guide/mmiecho.java
/home/firemax/Mobile_system_new_generations/src/jeromq/src/test/java/zmq/socket/pubsub/XPubTest.java
/home/firemax/Mobile_system_new_generations/src/jeromq/src/test/java/zmq/io/TimerEventTest.java
/home/firemax/Mobile_system_new_generations/src/jeromq/src/test/java/guide/mtrelay.java
/home/firemax/Mobile_system_new_generations/src/jeromq/src/test/java/org/zeromq/TestZCancellationToken.java
/home/firemax/Mobile_system_new_generations/src/jeromq/src/test/java/zmq/io/MsgsTest.java
/home/firemax/Mobile_system_new_generations/src/jeromq/src/test/java/zmq/ImmediateTest.java
/home/firemax/Mobile_system_new_generations/src/jeromq/src/test/java/guide/bstarsrv2.java
/home/firemax/Mobile_system_new_generations/src/jeromq/src/test/java/guide/lvcache.java
/home/firemax/Mobile_system_new_generations/src/jeromq/src/test/java/guide/flcliapi.java
/home/firemax/Mobile_system_new_generations/src/jeromq/src/test/java/guide/identity.java
/home/firemax/Mobile_system_new_generations/src/jeromq/src/test/java/zmq/socket/reqrep/RouterHandoverTest.java
/home/firemax/Mobile_system_new_generations/src/jeromq/src/test/java/zmq/socket/stream/StreamTest.java
/home/firemax/Mobile_system_new_generations/src/jeromq/src/test/java/zmq/pipe/YQueueTest.java
/home/firemax/Mobile_system_new_generations/src/jeromq/src/test/java/perf/LocalThr.java
/home/firemax/Mobile_system_new_generations/src/jeromq/src/test/java/guide/mdwrkapi.java
/home/firemax/Mobile_system_new_generations/src/jeromq/src/test/java/zmq/util/WireTest.java
/home/firemax/Mobile_system_new_generations/src/jeromq/src/test/java/guide/wuclient.java
/home/firemax/Mobile_system_new_generations/src/jeromq/src/test/java/guide/lpclient.java
/home/firemax/Mobile_system_new_generations/src/jeromq/src/test/java/zmq/io/V0ProtocolTest.java
/home/firemax/Mobile_system_new_generations/src/jeromq/src/test/java/guide/clonesrv1.java
/home/firemax/Mobile_system_new_generations/src/jeromq/src/test/java/guide/rtmama.java
/home/firemax/Mobile_system_new_generations/src/jeromq/src/test/java/org/zeromq/TestReqRouterThreadedTcp.java
/home/firemax/Mobile_system_new_generations/src/jeromq/src/test/java/zmq/Helper.java
/home/firemax/Mobile_system_new_generations/src/jeromq/src/test/java/org/zeromq/timer/ZTickerTest.java
/home/firemax/Mobile_system_new_generations/src/jeromq/src/test/java/zmq/proxy/ProxyTest.java
/home/firemax/Mobile_system_new_generations/src/jeromq/src/test/java/zmq/socket/pair/TestPairTcp.java
/home/firemax/Mobile_system_new_generations/src/jeromq/src/test/java/guide/espresso.java
/home/firemax/Mobile_system_new_generations/src/jeromq/src/test/java/zmq/TestMsgDirect.java
/home/firemax/Mobile_system_new_generations/src/jeromq/src/test/java/org/zeromq/TooManyOpenFilesTester.java
/home/firemax/Mobile_system_new_generations/src/jeromq/src/test/java/org/zeromq/auth/ZConfigTest.java
/home/firemax/Mobile_system_new_generations/src/jeromq/src/test/java/guide/pathopub.java
/home/firemax/Mobile_system_new_generations/src/jeromq/src/test/java/guide/tasksink2.java
/home/firemax/Mobile_system_new_generations/src/jeromq/src/test/java/zmq/io/mechanism/SecurityNullTest.java
/home/firemax/Mobile_system_new_generations/src/jeromq/src/test/java/guide/MDP.java
/home/firemax/Mobile_system_new_generations/src/jeromq/src/test/java/zmq/io/mechanism/SecurityPlainTest.java
/home/firemax/Mobile_system_new_generations/src/jeromq/src/test/java/zmq/pipe/ConflateTest.java
/home/firemax/Mobile_system_new_generations/src/jeromq/src/test/java/org/zeromq/TestProxy.java
/home/firemax/Mobile_system_new_generations/src/jeromq/src/test/java/guide/psenvsub.java
/home/firemax/Mobile_system_new_generations/src/jeromq/src/test/java/zmq/poll/PollerBaseTest.java
/home/firemax/Mobile_system_new_generations/src/jeromq/src/test/java/guide/clonecli4.java
/home/firemax/Mobile_system_new_generations/src/jeromq/src/test/java/org/zeromq/TestZProxy.java
/home/firemax/Mobile_system_new_generations/src/jeromq/src/test/java/zmq/io/coder/CustomEncoderTest.java
/home/firemax/Mobile_system_new_generations/src/jeromq/src/test/java/guide/flserver3.java
/home/firemax/Mobile_system_new_generations/src/jeromq/src/test/java/zmq/socket/reqrep/TestReqrepIpc.java
/home/firemax/Mobile_system_new_generations/src/jeromq/src/test/java/zmq/PollTest.java
/home/firemax/Mobile_system_new_generations/src/jeromq/src/test/java/org/zeromq/ZBeaconTest.java
/home/firemax/Mobile_system_new_generations/src/jeromq/src/test/java/zmq/socket/reqrep/TestReqCorrelateRelaxed.java
/home/firemax/Mobile_system_new_generations/src/jeromq/src/test/java/org/zeromq/TestPoller.java
/home/firemax/Mobile_system_new_generations/src/jeromq/src/test/java/zmq/TestScatterGather.java
/home/firemax/Mobile_system_new_generations/src/jeromq/src/test/java/guide/lpserver.java
/home/firemax/Mobile_system_new_generations/src/jeromq/src/test/java/zmq/socket/reqrep/RouterSpecTest.java
/home/firemax/Mobile_system_new_generations/src/jeromq/src/test/java/guide/ticlient.java
/home/firemax/Mobile_system_new_generations/src/jeromq/src/test/java/org/zeromq/proto/ZPictureTest.java
/home/firemax/Mobile_system_new_generations/src/jeromq/src/test/java/org/zeromq/ZFrameTest.java
/home/firemax/Mobile_system_new_generations/src/jeromq/src/test/java/zmq/io/mechanism/MechanismTester.java
/home/firemax/Mobile_system_new_generations/src/jeromq/src/test/java/guide/mdcliapi2.java
/home/firemax/Mobile_system_new_generations/src/jeromq/src/test/java/guide/spqueue.java
/home/firemax/Mobile_system_new_generations/src/jeromq/src/test/java/zmq/io/coder/V2DecoderTest.java
/home/firemax/Mobile_system_new_generations/src/jeromq/src/test/java/org/zeromq/TestZPoller.java
/home/firemax/Mobile_system_new_generations/src/jeromq/src/test/java/org/zeromq/ZMonitorTest.java
/home/firemax/Mobile_system_new_generations/src/jeromq/src/test/java/zmq/util/AndroidProblematic.java
/home/firemax/Mobile_system_new_generations/src/jeromq/src/test/java/guide/clonesrv5.java
/home/firemax/Mobile_system_new_generations/src/jeromq/src/test/java/zmq/socket/reqrep/RouterMandatoryTest.java
/home/firemax/Mobile_system_new_generations/src/jeromq/src/test/java/zmq/socket/reqrep/RouterProbeTest.java
/home/firemax/Mobile_system_new_generations/src/jeromq/src/test/java/zmq/TestRaw.java
/home/firemax/Mobile_system_new_generations/src/jeromq/src/test/java/zmq/socket/reqrep/TestRouterMandatory.java
/home/firemax/Mobile_system_new_generations/src/jeromq/src/test/java/zmq/io/V1ProtocolTest.java
/home/firemax/Mobile_system_new_generations/src/jeromq/src/test/java/org/zeromq/timer/ZTimerTest.java
/home/firemax/Mobile_system_new_generations/src/jeromq/src/test/java/zmq/HeartbeatsTest.java
/home/firemax/Mobile_system_new_generations/src/jeromq/src/test/java/zmq/socket/pubsub/SubTest.java
/home/firemax/Mobile_system_new_generations/src/jeromq/src/test/java/guide/clonesrv6.java
/home/firemax/Mobile_system_new_generations/src/jeromq/src/test/java/guide/rrworker.java
/home/firemax/Mobile_system_new_generations/src/jeromq/src/test/java/zmq/socket/reqrep/TestReqRelaxed.java
/home/firemax/Mobile_system_new_generations/src/jeromq/src/test/java/zmq/socket/pubsub/XpubXsubTest.java
/home/firemax/Mobile_system_new_generations/src/jeromq/src/test/java/zmq/io/coder/V2EncoderTest.java
/home/firemax/Mobile_system_new_generations/src/jeromq/src/test/java/guide/clonecli2.java
/home/firemax/Mobile_system_new_generations/src/jeromq/src/test/java/guide/hwclient.java
/home/firemax/Mobile_system_new_generations/src/jeromq/src/test/java/zmq/io/mechanism/ZapHandler.java
/home/firemax/Mobile_system_new_generations/src/jeromq/src/test/java/org/zeromq/util/ZDigestTest.java
/home/firemax/Mobile_system_new_generations/src/jeromq/src/test/java/guide/flclient3.java
/home/firemax/Mobile_system_new_generations/src/jeromq/src/test/java/guide/rtreq.java
/home/firemax/Mobile_system_new_generations/src/jeromq/src/test/java/guide/mspoller.java
/home/firemax/Mobile_system_new_generations/src/jeromq/src/test/java/org/zeromq/TestPushPullThreadedTcp.java
/home/firemax/Mobile_system_new_generations/src/jeromq/src/test/java/zmq/io/net/tcp/TcpAddressTest.java
/home/firemax/Mobile_system_new_generations/src/jeromq/src/test/java/zmq/poll/PollEvents.java
/home/firemax/Mobile_system_new_generations/src/jeromq/src/test/java/guide/flserver2.java
/home/firemax/Mobile_system_new_generations/src/jeromq/src/test/java/org/zeromq/TestZActor.java
/home/firemax/Mobile_system_new_generations/src/jeromq/src/test/java/zmq/socket/pair/TestPairIpc.java
/home/firemax/Mobile_system_new_generations/src/jeromq/src/test/java/zmq/TestMsgFlags.java
/home/firemax/Mobile_system_new_generations/src/jeromq/src/test/java/zmq/socket/reqrep/TestInvalidRep.java
/home/firemax/Mobile_system_new_generations/src/jeromq/src/test/java/zmq/io/MetadataTest.java
/home/firemax/Mobile_system_new_generations/src/jeromq/src/test/java/org/zeromq/guide/EspressoTest.java
/home/firemax/Mobile_system_new_generations/src/jeromq/src/test/java/guide/asyncsrv.java
/home/firemax/Mobile_system_new_generations/src/jeromq/src/test/java/org/zeromq/TestZLoop.java
/home/firemax/Mobile_system_new_generations/src/jeromq/src/test/java/guide/clonecli3.java
/home/firemax/Mobile_system_new_generations/src/jeromq/src/test/java/zmq/TestDisconnectMsg.java
/home/firemax/Mobile_system_new_generations/src/jeromq/src/test/java/guide/psenvpub.java
/home/firemax/Mobile_system_new_generations/src/jeromq/src/test/java/org/zeromq/ZSocketTest.java
/home/firemax/Mobile_system_new_generations/src/jeromq/src/test/java/guide/wuproxy.java
/home/firemax/Mobile_system_new_generations/src/jeromq/src/test/java/guide/flserver1.java
/home/firemax/Mobile_system_new_generations/src/jeromq/src/test/java/guide/lbbroker2.java
/home/firemax/Mobile_system_new_generations/src/jeromq/src/test/java/zmq/socket/pubsub/PubSubHwmTest.java
/home/firemax/Mobile_system_new_generations/src/jeromq/src/test/java/zmq/util/TestUtils.java
/home/firemax/Mobile_system_new_generations/src/jeromq/src/test/java/zmq/socket/reqrep/TestReqrepInproc.java
/home/firemax/Mobile_system_new_generations/src/jeromq/src/test/java/guide/rrbroker.java
/home/firemax/Mobile_system_new_generations/src/jeromq/src/test/java/zmq/socket/reqrep/TestReqrepTcp.java
/home/firemax/Mobile_system_new_generations/src/jeromq/src/test/java/guide/msgqueue.java
/home/firemax/Mobile_system_new_generations/src/jeromq/src/test/java/zmq/socket/pubsub/TestSubForward.java
/home/firemax/Mobile_system_new_generations/src/jeromq/src/test/java/guide/mdbroker.java
/home/firemax/Mobile_system_new_generations/src/jeromq/src/test/java/zmq/socket/pipeline/PushPullSpecTest.java
/home/firemax/Mobile_system_new_generations/src/jeromq/src/test/java/zmq/TestHiccupMsg.java
/home/firemax/Mobile_system_new_generations/src/jeromq/src/test/java/guide/ppworker.java
/home/firemax/Mobile_system_new_generations/src/jeromq/src/test/java/zmq/util/TimersTest.java
/home/firemax/Mobile_system_new_generations/src/jeromq/src/test/java/guide/wuserver.java
/home/firemax/Mobile_system_new_generations/src/jeromq/src/test/java/org/zeromq/ZCertStoreTest.java
/home/firemax/Mobile_system_new_generations/src/jeromq/src/test/java/guide/interrupt.java
/home/firemax/Mobile_system_new_generations/src/jeromq/src/test/java/zmq/poll/PollerBaseTested.java
/home/firemax/Mobile_system_new_generations/src/jeromq/src/test/java/org/zeromq/auth/TestUtils.java
/home/firemax/Mobile_system_new_generations/src/jeromq/src/test/java/guide/rtdealer.java
/home/firemax/Mobile_system_new_generations/src/jeromq/src/test/java/zmq/socket/pubsub/TestPubsubTcp.java
/home/firemax/Mobile_system_new_generations/src/jeromq/src/test/java/zmq/socket/AbstractSpecTest.java
/home/firemax/Mobile_system_new_generations/src/jeromq/src/test/java/zmq/TestClientServer.java
/home/firemax/Mobile_system_new_generations/src/jeromq/src/test/java/guide/lruqueue3.java
/home/firemax/Mobile_system_new_generations/src/jeromq/src/test/java/zmq/io/V2ProtocolTest.java
/home/firemax/Mobile_system_new_generations/src/jeromq/src/test/java/guide/msreader.java
/home/firemax/Mobile_system_new_generations/src/jeromq/src/test/java/zmq/io/net/TestAddress.java
/home/firemax/Mobile_system_new_generations/src/jeromq/src/test/java/org/zeromq/DealerDealerTest.java
/home/firemax/Mobile_system_new_generations/src/jeromq/src/test/java/org/zeromq/ZCertTest.java
/home/firemax/Mobile_system_new_generations/src/jeromq/src/test/java/zmq/CtxTest.java
/home/firemax/Mobile_system_new_generations/src/jeromq/src/test/java/org/zeromq/TestEventResolution.java
/home/firemax/Mobile_system_new_generations/src/jeromq/src/test/java/zmq/TestPeer.java
/home/firemax/Mobile_system_new_generations/src/jeromq/src/test/java/guide/taskwork.java
/home/firemax/Mobile_system_new_generations/src/jeromq/src/test/java/guide/mdworker.java
/home/firemax/Mobile_system_new_generations/src/jeromq/src/test/java/zmq/socket/pipeline/TestPushPullTcp.java
/home/firemax/Mobile_system_new_generations/src/jeromq/src/test/java/guide/clonecli5.java
/home/firemax/Mobile_system_new_generations/src/jeromq/src/test/java/guide/tripping.java
/home/firemax/Mobile_system_new_generations/src/jeromq/src/test/java/guide/lbbroker.java
/home/firemax/Mobile_system_new_generations/src/jeromq/src/test/java/org/zeromq/ZMsgTest.java
/home/firemax/Mobile_system_new_generations/src/jeromq/src/test/java/org/zeromq/ParanoidPiratServerWithLazyPiratClientTest.java
/home/firemax/Mobile_system_new_generations/src/jeromq/src/test/java/guide/peering3.java
/home/firemax/Mobile_system_new_generations/src/jeromq/src/test/java/guide/mtserver.java
/home/firemax/Mobile_system_new_generations/src/jeromq/src/test/java/zmq/TestConnectResolve.java
/home/firemax/Mobile_system_new_generations/src/jeromq/src/test/java/guide/mdclient2.java
/home/firemax/Mobile_system_new_generations/src/jeromq/src/test/java/zmq/TestLastEndpoint.java
/home/firemax/Mobile_system_new_generations/src/jeromq/src/test/java/zmq/DiffServerTest.java
/home/firemax/Mobile_system_new_generations/src/jeromq/src/test/java/guide/peering1.java
/home/firemax/Mobile_system_new_generations/src/jeromq/src/test/java/perf/InprocLat.java
/home/firemax/Mobile_system_new_generations/src/jeromq/src/test/java/zmq/TestMsg.java
/home/firemax/Mobile_system_new_generations/src/jeromq/src/test/java/org/zeromq/XpubXsubZTest.java
/home/firemax/Mobile_system_new_generations/src/jeromq/src/test/java/guide/pathosub.java
/home/firemax/Mobile_system_new_generations/src/jeromq/src/test/java/org/zeromq/ByteBuffersTest.java
/home/firemax/Mobile_system_new_generations/src/jeromq/src/test/java/zmq/TestRadioDish.java
/home/firemax/Mobile_system_new_generations/src/jeromq/src/test/java/org/zeromq/guide/AsyncServerTest.java
/home/firemax/Mobile_system_new_generations/src/jeromq/src/test/java/zmq/TermEndpointIpcTest.java
/home/firemax/Mobile_system_new_generations/src/jeromq/src/test/java/zmq/TestHwm.java
/home/firemax/Mobile_system_new_generations/src/jeromq/src/test/java/guide/titanic.java
/home/firemax/Mobile_system_new_generations/src/jeromq/src/test/java/guide/clonesrv2.java
/home/firemax/Mobile_system_new_generations/src/jeromq/src/test/java/zmq/TestTimeo.java
/home/firemax/Mobile_system_new_generations/src/jeromq/src/test/java/guide/lbbroker3.java
/home/firemax/Mobile_system_new_generations/src/jeromq/src/test/java/org/zeromq/TestZContext.java
/home/firemax/Mobile_system_new_generations/src/jeromq/src/test/java/zmq/TestMonitor.java
/home/firemax/Mobile_system_new_generations/src/jeromq/src/test/java/guide/bstarcli.java
/home/firemax/Mobile_system_new_generations/src/jeromq/src/test/java/org/zeromq/ZLoopTest.java
/home/firemax/Mobile_system_new_generations/src/jeromq/src/test/java/guide/clone.java
/home/firemax/Mobile_system_new_generations/src/jeromq/src/test/java/org/zeromq/TestRapidOpenCloseSocket.java
/home/firemax/Mobile_system_new_generations/src/jeromq/src/test/java/org/zeromq/TestZThread.java
/home/firemax/Mobile_system_new_generations/src/jeromq/src/test/java/zmq/TestShutdownStress.java
/home/firemax/Mobile_system_new_generations/src/jeromq/src/test/java/guide/taskvent.java
/home/firemax/Mobile_system_new_generations/src/jeromq/src/test/java/org/zeromq/TestZMQ.java
/home/firemax/Mobile_system_new_generations/src/jeromq/src/test/java/guide/kvsimple.java
/home/firemax/Mobile_system_new_generations/src/jeromq/src/test/java/org/zeromq/TestDisconnectInprocZeromq.java
/home/firemax/Mobile_system_new_generations/src/jeromq/src/test/java/guide/bstarsrv.java
/home/firemax/Mobile_system_new_generations/src/jeromq/src/test/java/org/zeromq/TestEvents.java
/home/firemax/Mobile_system_new_generations/src/jeromq/src/test/java/zmq/socket/pair/TestPairInproc.java
/home/firemax/Mobile_system_new_generations/src/jeromq/src/test/java/guide/rtpapa.java
/home/firemax/Mobile_system_new_generations/src/jeromq/src/test/java/guide/kvmsg.java
/home/firemax/Mobile_system_new_generations/src/jeromq/src/test/java/zmq/socket/pubsub/TrieTest.java
/home/firemax/Mobile_system_new_generations/src/jeromq/src/test/java/zmq/TestChannel.java
/home/firemax/Mobile_system_new_generations/src/jeromq/src/test/java/zmq/io/coder/V1EncoderTest.java
