/home/firemax/Mobile_system_new_generations/src/jeromq/src/main/java/zmq/socket/pubsub/XPub.java
/home/firemax/Mobile_system_new_generations/src/jeromq/src/main/java/zmq/Config.java
/home/firemax/Mobile_system_new_generations/src/jeromq/src/main/java/zmq/socket/scattergather/Scatter.java
/home/firemax/Mobile_system_new_generations/src/jeromq/src/main/java/org/zeromq/ZMQ.java
/home/firemax/Mobile_system_new_generations/src/jeromq/src/main/java/zmq/socket/LB.java
/home/firemax/Mobile_system_new_generations/src/jeromq/src/main/java/org/zeromq/ZProxy.java
/home/firemax/Mobile_system_new_generations/src/jeromq/src/main/java/zmq/socket/pubsub/XSub.java
/home/firemax/Mobile_system_new_generations/src/jeromq/src/main/java/zmq/MailboxSafe.java
/home/firemax/Mobile_system_new_generations/src/jeromq/src/main/java/zmq/util/Wire.java
/home/firemax/Mobile_system_new_generations/src/jeromq/src/main/java/zmq/msg/MsgAllocator.java
/home/firemax/Mobile_system_new_generations/src/jeromq/src/main/java/zmq/Ctx.java
/home/firemax/Mobile_system_new_generations/src/jeromq/src/main/java/zmq/poll/IPollEvents.java
/home/firemax/Mobile_system_new_generations/src/jeromq/src/main/java/zmq/util/Utils.java
/home/firemax/Mobile_system_new_generations/src/jeromq/src/main/java/org/zeromq/ZPoller.java
/home/firemax/Mobile_system_new_generations/src/jeromq/src/main/java/zmq/util/MultiMap.java
/home/firemax/Mobile_system_new_generations/src/jeromq/src/main/java/org/zeromq/ManagedContext.java
/home/firemax/Mobile_system_new_generations/src/jeromq/src/main/java/org/zeromq/timer/ZTicker.java
/home/firemax/Mobile_system_new_generations/src/jeromq/src/main/java/zmq/io/net/tcp/TcpUtils.java
/home/firemax/Mobile_system_new_generations/src/jeromq/src/main/java/zmq/util/function/Supplier.java
/home/firemax/Mobile_system_new_generations/src/jeromq/src/main/java/zmq/io/IOThread.java
/home/firemax/Mobile_system_new_generations/src/jeromq/src/main/java/zmq/pipe/Pipe.java
/home/firemax/Mobile_system_new_generations/src/jeromq/src/main/java/zmq/IMailbox.java
/home/firemax/Mobile_system_new_generations/src/jeromq/src/main/java/zmq/io/net/tcp/TcpListener.java
/home/firemax/Mobile_system_new_generations/src/jeromq/src/main/java/zmq/io/coder/EncoderBase.java
/home/firemax/Mobile_system_new_generations/src/jeromq/src/main/java/org/zeromq/ZContext.java
/home/firemax/Mobile_system_new_generations/src/jeromq/src/main/java/zmq/Signaler.java
/home/firemax/Mobile_system_new_generations/src/jeromq/src/main/java/org/zeromq/util/ZData.java
/home/firemax/Mobile_system_new_generations/src/jeromq/src/main/java/zmq/Msg.java
/home/firemax/Mobile_system_new_generations/src/jeromq/src/main/java/zmq/io/SessionBase.java
/home/firemax/Mobile_system_new_generations/src/jeromq/src/main/java/zmq/socket/Channel.java
/home/firemax/Mobile_system_new_generations/src/jeromq/src/main/java/zmq/io/coder/Decoder.java
/home/firemax/Mobile_system_new_generations/src/jeromq/src/main/java/org/zeromq/timer/ZTicket.java
/home/firemax/Mobile_system_new_generations/src/jeromq/src/main/java/org/zeromq/util/ZMetadata.java
/home/firemax/Mobile_system_new_generations/src/jeromq/src/main/java/zmq/io/net/tcp/TcpConnecter.java
/home/firemax/Mobile_system_new_generations/src/jeromq/src/main/java/zmq/Utils.java
/home/firemax/Mobile_system_new_generations/src/jeromq/src/main/java/zmq/io/mechanism/gssapi/GssapiClientMechanism.java
/home/firemax/Mobile_system_new_generations/src/jeromq/src/main/java/zmq/io/coder/DecoderBase.java
/home/firemax/Mobile_system_new_generations/src/jeromq/src/main/java/org/zeromq/ZThread.java
/home/firemax/Mobile_system_new_generations/src/jeromq/src/main/java/zmq/io/coder/IDecoder.java
/home/firemax/Mobile_system_new_generations/src/jeromq/src/main/java/zmq/io/mechanism/gssapi/GssapiServerMechanism.java
/home/firemax/Mobile_system_new_generations/src/jeromq/src/main/java/zmq/socket/pubsub/Dist.java
/home/firemax/Mobile_system_new_generations/src/jeromq/src/main/java/zmq/io/net/NetProtocol.java
/home/firemax/Mobile_system_new_generations/src/jeromq/src/main/java/org/zeromq/UncheckedZMQException.java
/home/firemax/Mobile_system_new_generations/src/jeromq/src/main/java/zmq/socket/Stream.java
/home/firemax/Mobile_system_new_generations/src/jeromq/src/main/java/org/zeromq/proto/package-info.java
/home/firemax/Mobile_system_new_generations/src/jeromq/src/main/java/zmq/io/net/ipc/IpcListener.java
/home/firemax/Mobile_system_new_generations/src/jeromq/src/main/java/zmq/io/IOObject.java
/home/firemax/Mobile_system_new_generations/src/jeromq/src/main/java/zmq/io/net/pgm/PgmSender.java
/home/firemax/Mobile_system_new_generations/src/jeromq/src/main/java/zmq/io/HelloMsgSession.java
/home/firemax/Mobile_system_new_generations/src/jeromq/src/main/java/zmq/io/mechanism/plain/PlainServerMechanism.java
/home/firemax/Mobile_system_new_generations/src/jeromq/src/main/java/zmq/msg/MsgAllocatorHeap.java
/home/firemax/Mobile_system_new_generations/src/jeromq/src/main/java/org/zeromq/util/ZDigest.java
/home/firemax/Mobile_system_new_generations/src/jeromq/src/main/java/zmq/socket/Raw.java
/home/firemax/Mobile_system_new_generations/src/jeromq/src/main/java/org/zeromq/timer/TimerHandler.java
/home/firemax/Mobile_system_new_generations/src/jeromq/src/main/java/zmq/io/net/ipc/IpcConnecter.java
/home/firemax/Mobile_system_new_generations/src/jeromq/src/main/java/zmq/socket/clientserver/Server.java
/home/firemax/Mobile_system_new_generations/src/jeromq/src/main/java/org/zeromq/timer/ZTimer.java
/home/firemax/Mobile_system_new_generations/src/jeromq/src/main/java/org/zeromq/ZMQException.java
/home/firemax/Mobile_system_new_generations/src/jeromq/src/main/java/zmq/ZObject.java
/home/firemax/Mobile_system_new_generations/src/jeromq/src/main/java/zmq/util/ValueReference.java
/home/firemax/Mobile_system_new_generations/src/jeromq/src/main/java/zmq/Command.java
/home/firemax/Mobile_system_new_generations/src/jeromq/src/main/java/zmq/io/mechanism/curve/CurveClientMechanism.java
/home/firemax/Mobile_system_new_generations/src/jeromq/src/main/java/zmq/Own.java
/home/firemax/Mobile_system_new_generations/src/jeromq/src/main/java/zmq/socket/Pair.java
/home/firemax/Mobile_system_new_generations/src/jeromq/src/main/java/zmq/io/mechanism/NullMechanism.java
/home/firemax/Mobile_system_new_generations/src/jeromq/src/main/java/zmq/io/coder/v2/V2Decoder.java
/home/firemax/Mobile_system_new_generations/src/jeromq/src/main/java/zmq/package-info.java
/home/firemax/Mobile_system_new_generations/src/jeromq/src/main/java/zmq/io/coder/v2/V2Encoder.java
/home/firemax/Mobile_system_new_generations/src/jeromq/src/main/java/zmq/io/net/ipc/IpcAddress.java
/home/firemax/Mobile_system_new_generations/src/jeromq/src/main/java/zmq/io/net/Address.java
/home/firemax/Mobile_system_new_generations/src/jeromq/src/main/java/org/zeromq/ZCertStore.java
/home/firemax/Mobile_system_new_generations/src/jeromq/src/main/java/org/zeromq/ZAgent.java
/home/firemax/Mobile_system_new_generations/src/jeromq/src/main/java/zmq/util/Z85.java
/home/firemax/Mobile_system_new_generations/src/jeromq/src/main/java/zmq/socket/reqrep/Dealer.java
/home/firemax/Mobile_system_new_generations/src/jeromq/src/main/java/zmq/msg/MsgAllocatorDirect.java
/home/firemax/Mobile_system_new_generations/src/jeromq/src/main/java/org/zeromq/ZMQQueue.java
/home/firemax/Mobile_system_new_generations/src/jeromq/src/main/java/org/zeromq/ZFrame.java
/home/firemax/Mobile_system_new_generations/src/jeromq/src/main/java/zmq/Mailbox.java
/home/firemax/Mobile_system_new_generations/src/jeromq/src/main/java/org/zeromq/ZCert.java
/home/firemax/Mobile_system_new_generations/src/jeromq/src/main/java/zmq/poll/PollItem.java
/home/firemax/Mobile_system_new_generations/src/jeromq/src/main/java/zmq/io/coder/v1/V1Protocol.java
/home/firemax/Mobile_system_new_generations/src/jeromq/src/main/java/zmq/io/net/tcp/SocksConnecter.java
/home/firemax/Mobile_system_new_generations/src/jeromq/src/main/java/org/zeromq/timer/package-info.java
/home/firemax/Mobile_system_new_generations/src/jeromq/src/main/java/zmq/socket/reqrep/Req.java
/home/firemax/Mobile_system_new_generations/src/jeromq/src/main/java/zmq/poll/Poller.java
/home/firemax/Mobile_system_new_generations/src/jeromq/src/main/java/zmq/io/StreamEngine.java
/home/firemax/Mobile_system_new_generations/src/jeromq/src/main/java/zmq/io/net/Listener.java
/home/firemax/Mobile_system_new_generations/src/jeromq/src/main/java/zmq/io/mechanism/Mechanisms.java
/home/firemax/Mobile_system_new_generations/src/jeromq/src/main/java/org/zeromq/ZTimer.java
/home/firemax/Mobile_system_new_generations/src/jeromq/src/main/java/zmq/Reaper.java
/home/firemax/Mobile_system_new_generations/src/jeromq/src/main/java/zmq/io/coder/Encoder.java
/home/firemax/Mobile_system_new_generations/src/jeromq/src/main/java/zmq/socket/reqrep/Rep.java
/home/firemax/Mobile_system_new_generations/src/jeromq/src/main/java/zmq/socket/FQ.java
/home/firemax/Mobile_system_new_generations/src/jeromq/src/main/java/zmq/util/Clock.java
/home/firemax/Mobile_system_new_generations/src/jeromq/src/main/java/zmq/util/function/Consumer.java
/home/firemax/Mobile_system_new_generations/src/jeromq/src/main/java/zmq/io/net/ProtocolFamily.java
/home/firemax/Mobile_system_new_generations/src/jeromq/src/main/java/zmq/io/coder/IEncoder.java
/home/firemax/Mobile_system_new_generations/src/jeromq/src/main/java/org/zeromq/proto/ZPicture.java
/home/firemax/Mobile_system_new_generations/src/jeromq/src/main/java/zmq/socket/pipeline/Push.java
/home/firemax/Mobile_system_new_generations/src/jeromq/src/main/java/zmq/util/Timers.java
/home/firemax/Mobile_system_new_generations/src/jeromq/src/main/java/zmq/io/mechanism/curve/CurveServerMechanism.java
/home/firemax/Mobile_system_new_generations/src/jeromq/src/main/java/zmq/io/IEngine.java
/home/firemax/Mobile_system_new_generations/src/jeromq/src/main/java/zmq/io/EngineNotImplemented.java
/home/firemax/Mobile_system_new_generations/src/jeromq/src/main/java/zmq/socket/radiodish/Dish.java
/home/firemax/Mobile_system_new_generations/src/jeromq/src/main/java/zmq/pipe/YPipe.java
/home/firemax/Mobile_system_new_generations/src/jeromq/src/main/java/zmq/pipe/YPipeBase.java
/home/firemax/Mobile_system_new_generations/src/jeromq/src/main/java/zmq/pipe/YQueue.java
/home/firemax/Mobile_system_new_generations/src/jeromq/src/main/java/zmq/util/Blob.java
/home/firemax/Mobile_system_new_generations/src/jeromq/src/main/java/zmq/io/coder/raw/RawDecoder.java
/home/firemax/Mobile_system_new_generations/src/jeromq/src/main/java/zmq/io/Metadata.java
/home/firemax/Mobile_system_new_generations/src/jeromq/src/main/java/zmq/socket/pubsub/Pub.java
/home/firemax/Mobile_system_new_generations/src/jeromq/src/main/java/zmq/SocketBase.java
/home/firemax/Mobile_system_new_generations/src/jeromq/src/main/java/org/zeromq/ZAuth.java
/home/firemax/Mobile_system_new_generations/src/jeromq/src/main/java/org/zeromq/ZBeacon.java
/home/firemax/Mobile_system_new_generations/src/jeromq/src/main/java/zmq/io/mechanism/curve/Curve.java
/home/firemax/Mobile_system_new_generations/src/jeromq/src/main/java/zmq/socket/radiodish/Radio.java
/home/firemax/Mobile_system_new_generations/src/jeromq/src/main/java/org/zeromq/package-info.java
/home/firemax/Mobile_system_new_generations/src/jeromq/src/main/java/zmq/util/function/BiFunction.java
/home/firemax/Mobile_system_new_generations/src/jeromq/src/main/java/org/zeromq/ZSocket.java
/home/firemax/Mobile_system_new_generations/src/jeromq/src/main/java/zmq/io/coder/v2/V2Protocol.java
/home/firemax/Mobile_system_new_generations/src/jeromq/src/main/java/zmq/socket/scattergather/Gather.java
/home/firemax/Mobile_system_new_generations/src/jeromq/src/main/java/org/zeromq/util/package-info.java
/home/firemax/Mobile_system_new_generations/src/jeromq/src/main/java/zmq/io/Msgs.java
/home/firemax/Mobile_system_new_generations/src/jeromq/src/main/java/zmq/io/net/tipc/TipcListener.java
/home/firemax/Mobile_system_new_generations/src/jeromq/src/main/java/org/zeromq/ZEvent.java
/home/firemax/Mobile_system_new_generations/src/jeromq/src/main/java/zmq/util/function/Function.java
/home/firemax/Mobile_system_new_generations/src/jeromq/src/main/java/zmq/io/mechanism/plain/PlainClientMechanism.java
/home/firemax/Mobile_system_new_generations/src/jeromq/src/main/java/zmq/util/Draft.java
/home/firemax/Mobile_system_new_generations/src/jeromq/src/main/java/org/zeromq/proto/ZNeedle.java
/home/firemax/Mobile_system_new_generations/src/jeromq/src/main/java/zmq/socket/reqrep/Router.java
/home/firemax/Mobile_system_new_generations/src/jeromq/src/main/java/zmq/socket/pubsub/Trie.java
/home/firemax/Mobile_system_new_generations/src/jeromq/src/main/java/org/zeromq/ZActor.java
/home/firemax/Mobile_system_new_generations/src/jeromq/src/main/java/zmq/ZError.java
/home/firemax/Mobile_system_new_generations/src/jeromq/src/main/java/org/zeromq/ZStar.java
/home/firemax/Mobile_system_new_generations/src/jeromq/src/main/java/zmq/io/net/SelectorProviderChooser.java
/home/firemax/Mobile_system_new_generations/src/jeromq/src/main/java/org/zeromq/ZMsg.java
/home/firemax/Mobile_system_new_generations/src/jeromq/src/main/java/zmq/io/net/StandardProtocolFamily.java
/home/firemax/Mobile_system_new_generations/src/jeromq/src/main/java/zmq/socket/Peer.java
/home/firemax/Mobile_system_new_generations/src/jeromq/src/main/java/zmq/socket/Sockets.java
/home/firemax/Mobile_system_new_generations/src/jeromq/src/main/java/zmq/socket/pipeline/Pull.java
/home/firemax/Mobile_system_new_generations/src/jeromq/src/main/java/zmq/util/Errno.java
/home/firemax/Mobile_system_new_generations/src/jeromq/src/main/java/org/zeromq/Utils.java
/home/firemax/Mobile_system_new_generations/src/jeromq/src/main/java/zmq/io/coder/raw/RawEncoder.java
/home/firemax/Mobile_system_new_generations/src/jeromq/src/main/java/zmq/io/net/tipc/TipcConnecter.java
/home/firemax/Mobile_system_new_generations/src/jeromq/src/main/java/zmq/io/mechanism/Mechanism.java
/home/firemax/Mobile_system_new_generations/src/jeromq/src/main/java/zmq/poll/PollerBase.java
/home/firemax/Mobile_system_new_generations/src/jeromq/src/main/java/zmq/pipe/DBuffer.java
/home/firemax/Mobile_system_new_generations/src/jeromq/src/main/java/zmq/msg/MsgAllocatorThreshold.java
/home/firemax/Mobile_system_new_generations/src/jeromq/src/main/java/org/zeromq/ZConfig.java
/home/firemax/Mobile_system_new_generations/src/jeromq/src/main/java/org/zeromq/ZMonitor.java
/home/firemax/Mobile_system_new_generations/src/jeromq/src/main/java/zmq/io/coder/v1/V1Decoder.java
/home/firemax/Mobile_system_new_generations/src/jeromq/src/main/java/zmq/io/net/tcp/TcpAddress.java
/home/firemax/Mobile_system_new_generations/src/jeromq/src/main/java/zmq/msg/package-info.java
/home/firemax/Mobile_system_new_generations/src/jeromq/src/main/java/zmq/socket/pubsub/Sub.java
/home/firemax/Mobile_system_new_generations/src/jeromq/src/main/java/org/zeromq/SocketType.java
/home/firemax/Mobile_system_new_generations/src/jeromq/src/main/java/zmq/socket/clientserver/Client.java
/home/firemax/Mobile_system_new_generations/src/jeromq/src/main/java/zmq/ZMQ.java
/home/firemax/Mobile_system_new_generations/src/jeromq/src/main/java/zmq/io/net/pgm/PgmReceiver.java
/home/firemax/Mobile_system_new_generations/src/jeromq/src/main/java/org/zeromq/ZLoop.java
/home/firemax/Mobile_system_new_generations/src/jeromq/src/main/java/zmq/util/Objects.java
/home/firemax/Mobile_system_new_generations/src/jeromq/src/main/java/zmq/pipe/YPipeConflate.java
/home/firemax/Mobile_system_new_generations/src/jeromq/src/main/java/zmq/Proxy.java
/home/firemax/Mobile_system_new_generations/src/jeromq/src/main/java/zmq/io/net/norm/NormEngine.java
/home/firemax/Mobile_system_new_generations/src/jeromq/src/main/java/zmq/io/coder/v1/V1Encoder.java
/home/firemax/Mobile_system_new_generations/src/jeromq/src/main/java/zmq/socket/pubsub/Mtrie.java
/home/firemax/Mobile_system_new_generations/src/jeromq/src/main/java/zmq/Options.java
