perf/InprocLat.class
org/zeromq/TestZPoller$EventsHandlerErrorCounter.class
zmq/TestMsgDirect.class
zmq/InprocDisconnectTest.class
zmq/TestTimeo$Worker.class
org/zeromq/ParanoidPiratServerWithLazyPiratClientTest.class
zmq/io/mechanism/SecurityPlainTest$PlainTestContext.class
zmq/socket/pubsub/XPubNodropTest.class
guide/taskvent.class
guide/tripping.class
org/zeromq/ParanoidPiratServerWithLazyPiratClientTest$Queue$Worker.class
zmq/socket/pubsub/TestSubForward.class
guide/lbbroker3.class
guide/ticlient.class
org/zeromq/TestZProxy$ProxyProvider.class
guide/suisnail$Publisher.class
guide/tripping$Worker.class
zmq/TestHelloMsg.class
guide/mtserver.class
org/zeromq/PushPullTest$Receiver.class
org/zeromq/TestEvents.class
guide/taskwork2.class
guide/suisnail$1.class
org/zeromq/auth/TestUtils.class
guide/peering1.class
guide/mtrelay$Step2.class
guide/rtdealer$1.class
org/zeromq/ZLoopTest.class
guide/flserver3.class
org/zeromq/guide/EspressoTest.class
org/zeromq/TestReqRouterThreadedTcp$Server.class
zmq/socket/reqrep/RouterHandoverTest.class
perf/RemoteThr.class
org/zeromq/TooManyOpenFilesTester.class
org/zeromq/ZFrameTest.class
zmq/TestChannel.class
org/zeromq/TooManyOpenFilesTester$Client.class
guide/identity.class
zmq/TestMsgFlags.class
zmq/TestMonitor.class
guide/asyncsrv$1.class
org/zeromq/ReqRepTest$Server303.class
org/zeromq/DealerDealerTest$1.class
zmq/socket/pubsub/MTrieTest$MtrieHandler.class
org/zeromq/HighWatermarkTest.class
org/zeromq/TestZActor.class
zmq/poll/PollerTest$2.class
guide/rtdealer$Worker.class
guide/kvsimple.class
org/zeromq/ReqRepTest$GetServer.class
guide/espresso$1.class
zmq/io/coder/V2EncoderTest.class
guide/clonecli3.class
zmq/util/MultimapTest.class
org/zeromq/guide/AsyncServerTest$1.class
zmq/TestConnectDelay.class
guide/rtreq$Worker.class
guide/lbbroker.class
zmq/DiffServerTest.class
org/zeromq/ZMonitorTest.class
org/zeromq/TestPushPullThreadedTcp$Worker.class
zmq/socket/pubsub/XpubXsubTest.class
zmq/proxy/ProxyTest$Worker.class
zmq/TestScatterGather.class
guide/lbbroker3$BackendHandler.class
org/zeromq/auth/ZConfigTest.class
zmq/TestSocketPoll.class
zmq/io/mechanism/SecurityCurveTest$1.class
guide/mdbroker$Service.class
zmq/poll/PollerBaseTest$2.class
guide/clonesrv2$StateManager.class
guide/asyncsrv$server_worker.class
guide/clonecli1.class
zmq/Helper.class
guide/tasksink.class
zmq/socket/reqrep/TestReqrepDevice.class
guide/kvmsgTest.class
org/zeromq/TestZThread.class
zmq/io/mechanism/SecurityCurveTest$CurveTestContext.class
guide/peering3$1.class
zmq/io/TimerEventTest.class
guide/espresso$Subscriber.class
guide/clonesrv2.class
org/zeromq/TestZStar.class
org/zeromq/TestRapidOpenCloseSocket.class
zmq/Helper$DummySocket.class
guide/lbbroker$WorkerTask.class
org/zeromq/ZMonitorTest$1.class
guide/clone.class
zmq/io/coder/V2DecoderTest.class
guide/bstar$Event.class
guide/lbbroker3$ClientTask.class
org/zeromq/TestProxy$Proxy.class
zmq/TestRadioDish.class
zmq/io/mechanism/SecurityNullTest$NullTestContext.class
guide/bstarsrv.class
guide/asyncsrv.class
guide/taskwork.class
zmq/socket/pubsub/SubTest.class
org/zeromq/TestPushPullThreadedTcp.class
zmq/socket/pipeline/TestPushPullTcp.class
zmq/proxy/ProxyTerminateTest.class
zmq/socket/pubsub/TestPubsubTcp.class
zmq/socket/reqrep/ReqSpecTest.class
org/zeromq/TooManyOpenFilesTester$1.class
guide/mdcliapi.class
guide/mtrelay$1.class
org/zeromq/PushPullTest$Sender.class
org/zeromq/guide/AsyncServerTest.class
guide/lbbroker3$1.class
zmq/io/net/tcp/TcpAddressTest.class
zmq/proxy/ProxyTcpTest.class
guide/clonesrv3.class
org/zeromq/TestZPoller$EventsHandlerAdapter.class
org/zeromq/TestEventResolution.class
guide/clonecli5.class
org/zeromq/TestZCancellationToken.class
guide/titanic$TitanicRequest.class
org/zeromq/TestZPoller.class
guide/msreader.class
zmq/socket/reqrep/RepSpecTest.class
org/zeromq/TestZPoller$1.class
guide/clone$Agent.class
zmq/socket/reqrep/TestReqCorrelateRelaxed.class
zmq/proxy/ProxyTcpTest$Proxy.class
guide/suisnail.class
guide/clone$Server.class
guide/tasksink2.class
org/zeromq/TestZPoller$EventsHandlerCounter.class
zmq/Helper$DummyIOThread.class
zmq/TestClientServer$ClientThread.class
guide/flcliapi$Server.class
guide/lbbroker3$FrontendHandler.class
guide/ClientThread3.class
org/zeromq/TestProxy.class
zmq/socket/pubsub/XPubManualTest.class
org/zeromq/SelectorProviderTest.class
zmq/socket/pubsub/DistTest.class
zmq/TestTimeo.class
zmq/io/mechanism/SecurityCurveTest.class
guide/mspoller.class
guide/lbbroker$1.class
org/zeromq/guide/EspressoTest$Publisher.class
org/zeromq/guide/AsyncServerTest$Client.class
zmq/TestHiccupMsg.class
guide/version.class
guide/clonesrv4.class
zmq/Helper$DummySocketChannel.class
guide/bstar.class
org/zeromq/TestSocketStreams.class
guide/wuclient.class
zmq/socket/reqrep/TestRouterMandatory.class
zmq/io/coder/CustomEncoderTest$WrongEncoder.class
guide/mtrelay.class
org/zeromq/TestZStar$BlackHole.class
guide/peering2$worker_task.class
org/zeromq/ZBeaconTest.class
perf/LocalLat.class
org/zeromq/util/ZDigestTest.class
org/zeromq/ParanoidPiratServerWithLazyPiratClientTest$Queue.class
guide/flcliapi$1.class
zmq/TermEndpointIpcTest.class
guide/peering3$worker_task.class
perf/InprocLat$Worker.class
zmq/socket/reqrep/DealerDealerTest.class
zmq/io/mechanism/MechanismTester$TestContext.class
guide/clonesrv5$1.class
guide/ppworker.class
org/zeromq/TestReqRouterThreadedTcp$Client.class
org/zeromq/ZMsgTest.class
org/zeromq/ParanoidPiratServerWithLazyPiratClientTest$Client.class
guide/clonesrv5$FlushTTL.class
guide/interrupt.class
org/zeromq/timer/ZTimerTest.class
zmq/poll/PollerBaseTest.class
org/zeromq/TestZStar$NoNo.class
zmq/socket/stream/StreamTest.class
org/zeromq/HighWatermarkTest$Worker.class
guide/clonecli4.class
guide/syncsub.class
org/zeromq/util/ZDataTest.class
zmq/poll/PollerTest.class
zmq/util/TestUtils.class
guide/clonesrv6$1.class
zmq/socket/pubsub/MTrieTest.class
zmq/io/coder/V1EncoderTest.class
guide/lbbroker2$ClientTask.class
guide/clonesrv5.class
guide/rtreq.class
guide/clone$CloneAgent.class
zmq/TestDisconnectMsg.class
guide/rtreq$1.class
guide/clonesrv6$SendHugz.class
zmq/proxy/ProxyTerminateTest$ServerTask.class
guide/clonesrv6$FlushTTL.class
guide/psenvpub.class
guide/pathosub.class
zmq/TestRaw.class
zmq/socket/pubsub/XPubTest.class
guide/bstarsrv$State.class
guide/lbbroker2.class
zmq/io/mechanism/SecurityNullTest.class
guide/tripping$Broker.class
org/zeromq/guide/AsyncServerTest$Proxy.class
zmq/proxy/ProxySingleSocketTest$ServerTask.class
guide/titanic$TitanicReply.class
zmq/io/mechanism/ZapHandler.class
zmq/proxy/ProxyTcpTest$Dealer.class
guide/clonecli6.class
zmq/proxy/ProxyTcpTest$Client.class
zmq/socket/stream/StreamEmptyTest.class
guide/rrclient.class
guide/LRUQueueArg.class
guide/mdbroker$Worker.class
zmq/socket/pubsub/PubTest.class
guide/flserver1.class
zmq/io/TimerEventTest$SocketMonitor.class
org/zeromq/PubSubTest.class
guide/pathopub.class
org/zeromq/auth/ZAuthTest.class
guide/peering2.class
org/zeromq/SelectorProviderTest$DefaultSelectorProviderChooser.class
org/zeromq/ZSocketTest.class
zmq/pipe/YQueueTest.class
zmq/poll/PollerBaseTest$3.class
guide/rrworker.class
org/zeromq/TestProxy$Client.class
guide/clonecli2.class
guide/espresso$Publisher.class
zmq/poll/PollerTest$1.class
zmq/util/TestBlob.class
guide/titanic.class
guide/rtmama$Worker.class
org/zeromq/TooManyOpenFilesTester$Server.class
zmq/io/MetadataTest$ZapHandler.class
guide/clonesrv6.class
guide/mtserver$1.class
zmq/io/coder/CustomDecoderTest$WrongDecoder.class
zmq/util/WireTest.class
zmq/socket/pubsub/MTrieTest$1.class
zmq/io/coder/AbstractDecoderTest.class
guide/flserver2.class
guide/FrontendHandler.class
guide/lbbroker3$WorkerTask.class
guide/mdclient.class
zmq/io/mechanism/SecurityNullTest$1.class
guide/rtpapa.class
guide/rrbroker.class
guide/clone$1.class
guide/suisnail$Subscriber.class
zmq/Helper$DummySession.class
guide/lbbroker2$1.class
zmq/poll/PollerBaseTested.class
org/zeromq/PushPullTest.class
guide/flcliapi$FreelanceAgent.class
zmq/socket/reqrep/RouterSpecTest.class
zmq/socket/reqrep/TestInvalidRep.class
org/zeromq/TestPoller$Client.class
guide/lbbroker3$LBBroker.class
guide/mtrelay$Step1.class
guide/mdclient2.class
guide/clonesrv5$Snapshots.class
zmq/socket/reqrep/TestReqRelaxed.class
org/zeromq/TestZActor$2.class
org/zeromq/TestProxy$Dealer.class
org/zeromq/ByteBuffersTest.class
org/zeromq/PubSubTest$1.class
zmq/CtxTest.class
org/zeromq/ReqRepTest$Client303.class
zmq/socket/pair/TestPairInproc.class
zmq/io/V0ProtocolTest.class
zmq/io/mechanism/MechanismTester.class
guide/wuserver.class
guide/flcliapi$Agent.class
zmq/io/coder/CustomEncoderTest.class
zmq/proxy/ProxyTcpTest$ProxyDecoder.class
zmq/socket/pubsub/TrieTest.class
guide/clonesrv6$NewActive.class
guide/lbbroker$ClientTask.class
guide/clonesrv6$NewPassive.class
org/zeromq/guide/EspressoTest$Listener.class
zmq/io/mechanism/SecurityPlainTest.class
guide/wuproxy.class
guide/mtrelay$Step3.class
zmq/TestMsg.class
zmq/TestShutdownStress.class
org/zeromq/guide/EspressoTest$Subscriber.class
zmq/io/V1ProtocolTest.class
zmq/ImmediateTest.class
org/zeromq/TestReqRouterThreadedTcp.class
guide/clonesrv1.class
zmq/util/AndroidProblematic.class
zmq/pipe/ConflateTest.class
guide/hwserver.class
zmq/socket/pubsub/DistTest$Parent.class
zmq/io/mechanism/SecurityPlainTest$1.class
guide/clonesrv6$Collector.class
org/zeromq/TestZContext.class
org/zeromq/ReqRepTest$Server532.class
guide/ppqueue$Worker.class
guide/mdcliapi2.class
guide/spworker.class
zmq/util/TimersTest.class
org/zeromq/TestZLoop.class
guide/lpclient.class
zmq/socket/AbstractSpecTest.class
org/zeromq/XpubXsubZTest.class
guide/lvcache.class
org/zeromq/TestEventResolution$SendEvent.class
zmq/io/coder/CustomDecoderTest$CustomDecoder.class
zmq/PollTest$TxRx.class
zmq/io/coder/CustomDecoderTest.class
zmq/socket/reqrep/DealerSpecTest.class
zmq/poll/PollerBaseTest$1.class
zmq/InprocUnbindTest.class
zmq/socket/reqrep/RouterProbeTest.class
zmq/io/net/BindSrcAddressTest.class
guide/mdwrkapi.class
guide/flclient1.class
zmq/socket/reqrep/TestReqrepIpc.class
guide/ZHelper.class
org/zeromq/TestZStar$1.class
guide/mtserver$Worker.class
zmq/OptionsTest.class
guide/peering3$client_task.class
zmq/TestPeer.class
zmq/proxy/ProxyTest.class
guide/ppqueue.class
guide/peering2$client_task.class
guide/hwclient.class
zmq/Helper$DummyCtx.class
zmq/PollTest.class
zmq/poll/PollEvents.class
guide/clonesrv6$Subscriber.class
org/zeromq/TestPoller.class
guide/espresso$Listener.class
guide/spqueue.class
zmq/socket/pair/TestPairTcp.class
zmq/TestConnectResolve.class
guide/bstarsrv2.class
zmq/io/MetadataTest.class
org/zeromq/HighWatermarkTest$Collector.class
guide/flcliapi.class
org/zeromq/XpubXsubZTest$2.class
zmq/socket/reqrep/TestReqrepTcp.class
zmq/proxy/ProxySingleSocketTest.class
zmq/proxy/ProxyTest$Client.class
zmq/TestHwm.class
zmq/io/net/TestAddress.class
zmq/io/StreamEngineTest.class
guide/kvmsg.class
org/zeromq/timer/ZTickerTest.class
perf/LocalThr.class
org/zeromq/proto/ZPictureTest.class
zmq/proxy/ProxyTest$Server.class
zmq/socket/reqrep/TestReqrepInproc.class
guide/bstarsrv$Event.class
guide/flclient2.class
zmq/socket/pair/TestPairIpc.class
guide/mmiecho.class
zmq/io/coder/CustomEncoderTest$CustomEncoder.class
guide/MDP.class
org/zeromq/XpubXsubZTest$1.class
zmq/socket/pubsub/PubSubHwmTest.class
guide/espresso.class
org/zeromq/TestZMQ.class
zmq/io/net/tcp/KeepAliveTest.class
guide/clonesrv5$Collector.class
guide/msgqueue.class
guide/lruqueue3.class
guide/lbbroker2$WorkerTask.class
org/zeromq/ReqRepTest.class
guide/clonesrv6$Snapshots.class
zmq/socket/pipeline/PushPullSpecTest.class
org/zeromq/DealerDealerTest.class
guide/titanic$TitanicClose.class
org/zeromq/ZCertTest.class
org/zeromq/TestZPoller$Server.class
org/zeromq/TooManyOpenFilesTester$Pair.class
zmq/ConnectRidTest.class
org/zeromq/ParanoidPiratServerWithLazyPiratClientTest$1.class
org/zeromq/TestZProxy.class
org/zeromq/TestZActor$1.class
org/zeromq/ByteBuffersTest$Client.class
zmq/io/V2ProtocolTest.class
org/zeromq/guide/AsyncServerTest$Worker.class
zmq/io/coder/V1DecoderTest.class
org/zeromq/HighWatermarkTest$Dispatcher.class
guide/lpserver.class
org/zeromq/DealerDealerTest$Client.class
zmq/TestLastEndpoint.class
org/zeromq/guide/EspressoTest$Proxy.class
zmq/TestTermEndpoint.class
zmq/socket/reqrep/RouterMandatoryTest.class
zmq/HeartbeatsTest.class
org/zeromq/TemporaryFolderFinder.class
guide/tripping$Client.class
guide/flclient3.class
org/zeromq/guide/EspressoTest$1.class
guide/rtmama.class
zmq/io/MsgsTest.class
guide/asyncsrv$client_task.class
guide/mdworker.class
zmq/TestShutdownStress$Worker.class
guide/bstarcli.class
guide/bstar$State.class
guide/mdbroker.class
zmq/TestClientServer.class
guide/asyncsrv$server_task.class
org/zeromq/TestReqRouterThreadedTcp$ClientPoll.class
zmq/proxy/ProxyTcpTest$ProxyEncoder.class
zmq/io/AbstractProtocolVersion$SocketMonitor.class
org/zeromq/ParanoidPiratServerWithLazyPiratClientTest$Worker.class
guide/WorkerThread3.class
org/zeromq/TestPushPullThreadedTcp$Client.class
org/zeromq/proto/ZNeedleTest.class
org/zeromq/timer/ZTicketTest.class
org/zeromq/ReqRepTest$1.class
zmq/io/AbstractProtocolVersion.class
guide/rtdealer.class
guide/syncpub.class
zmq/TestMonitor$SocketMonitor.class
guide/BackendHandler.class
guide/peering2$1.class
org/zeromq/TestDisconnectInprocZeromq.class
guide/psenvsub.class
guide/peering3.class
org/zeromq/ZCertStoreTest.class
