org/zeromq/timer/ZTicket$Ticket.class
org/zeromq/ZThread$ShimThread.class
org/zeromq/ZActor$SimpleActor.class
zmq/io/net/tcp/TcpListener.class
zmq/io/StreamEngine.class
zmq/io/coder/IDecoder.class
zmq/io/net/ipc/IpcConnecter.class
org/zeromq/ManagedContext$ContextHolder.class
zmq/io/net/norm/NormEngine.class
org/zeromq/ZSocket.class
zmq/socket/clientserver/Client.class
org/zeromq/ZStar$Star.class
zmq/io/mechanism/curve/Curve$Size.class
zmq/util/Clock.class
org/zeromq/ZConfig$ReadException.class
zmq/io/IEngine.class
org/zeromq/ZProxy$Proxy$SimpleProxy.class
zmq/io/net/ipc/IpcAddress$IpcAddressMask.class
org/zeromq/ZTimer$Handler.class
org/zeromq/proto/ZPicture.class
zmq/socket/Sockets$3.class
zmq/socket/FQ.class
zmq/socket/radiodish/Radio.class
zmq/socket/pubsub/XPub.class
zmq/io/mechanism/curve/Curve$Size$3.class
zmq/socket/Sockets$12.class
org/zeromq/ZAuth$ZapRequest.class
org/zeromq/ZStar$Exit.class
zmq/Ctx.class
zmq/io/net/Listener.class
zmq/socket/pubsub/XPub$MarkAsMatching.class
zmq/pipe/Pipe$State.class
org/zeromq/ZMQ$Poller.class
zmq/io/coder/Decoder$FlagsReady.class
zmq/io/mechanism/plain/PlainServerMechanism.class
org/zeromq/ZActor.class
zmq/poll/Poller$Handle.class
zmq/Ctx$PendingConnection.class
zmq/Msg$Type.class
zmq/ZError$CtxTerminatedException.class
zmq/Config.class
zmq/socket/pubsub/Dist.class
org/zeromq/ZCertStore.class
org/zeromq/ZPoller$CompositePollItem.class
zmq/io/mechanism/Mechanism$Status.class
org/zeromq/ZCertStore$Hasher.class
org/zeromq/ManagedContext.class
zmq/io/StreamEngine$Protocol.class
zmq/util/Objects.class
org/zeromq/ZThread$IAttachedRunnable.class
zmq/io/HelloMsgSession.class
zmq/io/mechanism/Mechanisms$3.class
org/zeromq/ZProxy$ProxyActor.class
zmq/io/net/ProtocolFamily.class
zmq/io/IOThread.class
zmq/socket/pubsub/XSub.class
org/zeromq/ZProxy$ZPump.class
zmq/util/MultiMap$1.class
zmq/pipe/DBuffer.class
zmq/socket/Sockets$11.class
zmq/io/coder/raw/RawDecoder.class
zmq/io/net/tipc/TipcConnecter.class
org/zeromq/ZMQ$CancellationToken.class
org/zeromq/ZAgent.class
zmq/socket/clientserver/Server$Outpipe.class
org/zeromq/ZProxy.class
org/zeromq/ZMQ$Error.class
org/zeromq/util/ZMetadata.class
zmq/io/net/ipc/IpcAddress.class
org/zeromq/ZProxy$Command.class
zmq/io/coder/Decoder.class
zmq/io/SessionBase$1.class
zmq/io/mechanism/curve/Curve$1.class
org/zeromq/ZConfig$IVisitor.class
zmq/poll/Poller.class
zmq/util/Timers.class
zmq/io/mechanism/gssapi/GssapiClientMechanism.class
zmq/Ctx$1.class
zmq/io/Metadata.class
zmq/util/Wire.class
zmq/socket/Sockets$17.class
org/zeromq/ZProxy$ZPump$Transformer.class
zmq/socket/pubsub/XPub$1.class
zmq/io/mechanism/Mechanisms$4.class
zmq/io/net/tcp/TcpAddress$TcpAddressMask.class
org/zeromq/ZPoller$SimpleCreator.class
org/zeromq/ZCertStore$Timestamper.class
zmq/ZError$IOException.class
zmq/util/function/Consumer.class
org/zeromq/timer/TimerHandler.class
zmq/socket/reqrep/Req$ReqSession.class
zmq/util/Timers$1.class
zmq/io/coder/v1/V1Decoder.class
zmq/socket/radiodish/Dish$1.class
zmq/socket/pipeline/Pull.class
zmq/io/net/tcp/SocksConnecter.class
zmq/io/mechanism/curve/Curve$Size$4.class
org/zeromq/ZPoller$EventsHandler.class
zmq/msg/MsgAllocatorThreshold.class
zmq/Msg.class
org/zeromq/util/ZData.class
zmq/io/coder/Decoder$OneByteSizeReady.class
zmq/ZObject$1.class
org/zeromq/ZAuth.class
zmq/socket/pubsub/XSub$1.class
org/zeromq/ZConfig$1.class
zmq/util/Timers$Timer.class
org/zeromq/UncheckedZMQException.class
zmq/pipe/YPipe.class
org/zeromq/ZProxy$ProxyActor$State.class
zmq/util/Timers$Handler.class
zmq/socket/LB.class
zmq/util/Utils$1.class
org/zeromq/ZProxy$ZmqPump.class
org/zeromq/ZActor$ActorFortune.class
zmq/io/mechanism/curve/Curve$Size$5.class
org/zeromq/ZTimer.class
zmq/socket/pubsub/Mtrie$IMtrieHandler.class
zmq/socket/radiodish/Radio$RadioSession.class
zmq/io/mechanism/Mechanism.class
zmq/socket/radiodish/Dish$DishSession$State.class
org/zeromq/ZPoller.class
zmq/util/function/Function.class
zmq/ZMQ.class
org/zeromq/ZActor$Actor.class
org/zeromq/ZStar$Entourage.class
zmq/Ctx$Side.class
zmq/util/Errno.class
zmq/IMailbox.class
org/zeromq/ZCert.class
org/zeromq/ZStar$SimpleSet.class
zmq/SocketBase.class
zmq/socket/Sockets$4.class
zmq/io/net/ipc/IpcListener.class
org/zeromq/ManagedContext$1.class
org/zeromq/ZMQ.class
zmq/socket/Sockets$18.class
zmq/socket/Stream$Outpipe.class
zmq/pipe/YQueue.class
org/zeromq/ZAgent$SimpleAgent.class
org/zeromq/ZBeacon$BroadcastClient.class
zmq/socket/Raw.class
zmq/socket/Sockets$1.class
org/zeromq/ZMQ$Curve$KeyPair.class
zmq/Command$Type.class
zmq/Msg$Builder.class
zmq/Options.class
zmq/util/Errno$1.class
zmq/io/mechanism/curve/Curve.class
zmq/MailboxSafe.class
zmq/io/IOObject.class
zmq/socket/radiodish/Radio$1.class
zmq/socket/clientserver/Server.class
zmq/Own.class
zmq/socket/Sockets$2.class
org/zeromq/timer/ZTicker.class
zmq/Msg$1.class
zmq/socket/Sockets$19.class
zmq/socket/pubsub/Trie.class
org/zeromq/ZAuth$Auth.class
zmq/pipe/YPipeConflate.class
org/zeromq/ZCertStore$Fingerprinter.class
zmq/poll/PollItem.class
zmq/io/mechanism/Mechanisms.class
org/zeromq/timer/ZTicket$1.class
zmq/io/Msgs.class
zmq/poll/PollerBase.class
zmq/io/net/tipc/TipcListener.class
zmq/io/net/tcp/TcpUtils$OptionSetter.class
zmq/io/mechanism/curve/Curve$Size$7.class
org/zeromq/ZLoop$STimer.class
org/zeromq/ZFrame.class
org/zeromq/ZMonitor.class
org/zeromq/SocketType.class
zmq/util/Blob.class
zmq/io/net/NetProtocol$1.class
zmq/Proxy$State.class
zmq/io/coder/Decoder$MessageReady.class
zmq/io/mechanism/Mechanisms$1.class
zmq/socket/scattergather/Gather.class
zmq/io/net/SelectorProviderChooser.class
zmq/io/net/Address.class
zmq/socket/reqrep/Dealer.class
zmq/msg/MsgAllocator.class
org/zeromq/ZPoller$ItemHolder.class
zmq/io/coder/IEncoder.class
zmq/io/mechanism/curve/Curve$Size$6.class
org/zeromq/ZLoop.class
org/zeromq/proto/ZNeedle.class
zmq/io/coder/DecoderBase.class
zmq/socket/Sockets$6.class
zmq/pipe/Pipe.class
zmq/socket/pubsub/Pub.class
org/zeromq/ZProxy$Pump.class
org/zeromq/ZThread$IDetachedRunnable.class
org/zeromq/ZAuth$SimpleNullAuth.class
zmq/io/mechanism/curve/CurveServerMechanism.class
zmq/util/function/BiFunction.class
zmq/Command.class
zmq/socket/Stream.class
zmq/pipe/YPipeBase.class
zmq/io/net/NetProtocol$2.class
org/zeromq/ZAuth$ZapReply.class
zmq/io/coder/raw/RawEncoder.class
zmq/util/ValueReference.class
zmq/io/coder/Decoder$EightByteSizeReady.class
zmq/socket/pubsub/Sub.class
zmq/io/coder/EncoderBase.class
org/zeromq/ZProxy$Plug.class
zmq/Proxy.class
zmq/io/coder/v1/V1Protocol.class
org/zeromq/ZMonitor$ProtocolCode.class
org/zeromq/ZAuth$1.class
org/zeromq/ZActor$Duo.class
zmq/socket/reqrep/Req$ReqSession$State.class
zmq/socket/pubsub/XPub$SendUnsubscription.class
zmq/socket/pubsub/Trie$ITrieHandler.class
zmq/io/StreamEngine$ProducePongMessage.class
org/zeromq/timer/ZTicket.class
zmq/socket/Channel.class
zmq/socket/Sockets$15.class
org/zeromq/ZMonitor$MonitorActor.class
org/zeromq/ZAgent$Creator.class
zmq/SocketBase$1.class
zmq/msg/MsgAllocatorDirect.class
org/zeromq/ZTimer$Timer.class
zmq/util/MultiMap$EntryComparator.class
zmq/io/mechanism/plain/PlainClientMechanism$State.class
zmq/io/mechanism/plain/PlainServerMechanism$State.class
zmq/io/net/tcp/SocksConnecter$Status.class
zmq/io/mechanism/curve/CurveServerMechanism$State.class
zmq/socket/Sockets$21.class
zmq/util/Draft.class
org/zeromq/ZMonitor$1.class
zmq/Signaler.class
org/zeromq/ZMQ$Context.class
zmq/io/net/NetProtocol$3.class
org/zeromq/ZLoop$SPoller.class
zmq/util/Z85.class
zmq/SocketBase$EndpointPipe.class
org/zeromq/ZMsg.class
zmq/io/coder/Encoder$1.class
zmq/io/coder/IDecoder$Step$Result.class
zmq/socket/radiodish/Dish.class
zmq/util/MultiMap.class
zmq/ZError.class
zmq/io/net/tcp/TcpUtils.class
org/zeromq/ZMQQueue.class
zmq/io/Metadata$ParseListener.class
zmq/socket/pubsub/XSub$SendSubscription.class
org/zeromq/ZStar$Plateau.class
zmq/io/net/tcp/SocksConnecter$1.class
zmq/SocketBase$SimpleURI.class
org/zeromq/ZMQ$Curve.class
org/zeromq/timer/ZTimer$Timer.class
zmq/socket/Sockets$5.class
org/zeromq/ZThread.class
zmq/socket/Sockets$10.class
zmq/socket/scattergather/Scatter.class
zmq/pipe/Pipe$IPipeEvents.class
org/zeromq/Utils.class
org/zeromq/ZAuth$AuthActor.class
org/zeromq/ZPoller$ComposeEventsHandler.class
org/zeromq/ZStar$Set.class
zmq/ZMQ$Event.class
zmq/io/coder/Encoder$2.class
zmq/io/coder/v2/V2Protocol.class
zmq/socket/Peer.class
org/zeromq/ZStar$TimeTaker.class
zmq/io/SessionBase.class
org/zeromq/ZBeacon$BroadcastServer.class
zmq/socket/Sockets$13.class
zmq/io/mechanism/curve/Curve$Size$2.class
zmq/Ctx$ChannelForwardHolder.class
zmq/pipe/YQueue$Chunk.class
zmq/io/net/StandardProtocolFamily.class
zmq/socket/reqrep/Req$1.class
zmq/socket/Sockets$16.class
org/zeromq/ZAuth$SimplePlainAuth.class
org/zeromq/ZLoop$IZLoopHandler.class
zmq/io/StreamEngine$ErrorReason.class
zmq/socket/Pair.class
org/zeromq/ZMQ$PollItem.class
zmq/poll/IPollEvents.class
zmq/util/Utils.class
org/zeromq/ZAgent$SelectorCreator.class
zmq/io/mechanism/curve/CurveServerMechanism$1.class
zmq/socket/Sockets.class
org/zeromq/ZProxy$1.class
org/zeromq/ZMQ$Socket.class
zmq/socket/pipeline/Push.class
zmq/Utils.class
zmq/io/coder/v2/V2Decoder.class
zmq/io/mechanism/curve/CurveClientMechanism$State.class
zmq/socket/reqrep/Req.class
zmq/io/mechanism/Mechanisms$2.class
zmq/io/mechanism/curve/CurveClientMechanism$1.class
zmq/io/coder/IDecoder$Step.class
org/zeromq/ZStar.class
zmq/io/coder/Decoder$1.class
org/zeromq/ZCertStore$IFileVisitor.class
zmq/Signaler$IoOperation.class
zmq/socket/radiodish/Radio$RadioSession$State.class
org/zeromq/ZStar$1.class
org/zeromq/ZContext.class
zmq/io/net/pgm/PgmSender.class
org/zeromq/ZBeacon$Builder.class
zmq/io/coder/Encoder.class
zmq/io/net/tcp/TcpConnecter.class
zmq/socket/reqrep/Router.class
zmq/msg/MsgAllocatorHeap.class
zmq/io/mechanism/gssapi/GssapiServerMechanism.class
zmq/socket/radiodish/Dish$DishSession.class
org/zeromq/ZMQException.class
zmq/io/coder/v2/V2Encoder.class
zmq/socket/Sockets$20.class
zmq/socket/pubsub/Mtrie.class
org/zeromq/ZProxy$ZPump$Identity.class
zmq/socket/Sockets$7.class
zmq/socket/Sockets$8.class
zmq/Reaper.class
org/zeromq/ZActor$Double.class
org/zeromq/ZMonitor$Event.class
zmq/io/net/NetProtocol.class
org/zeromq/timer/ZTimer.class
org/zeromq/ZBeacon$Listener.class
org/zeromq/ZMQ$Socket$Mechanism.class
zmq/io/mechanism/plain/PlainServerMechanism$1.class
zmq/Ctx$Endpoint.class
org/zeromq/ZCertStore$2.class
zmq/io/mechanism/Mechanism$1.class
zmq/ZObject.class
zmq/util/function/Supplier.class
zmq/io/mechanism/curve/CurveClientMechanism.class
org/zeromq/ZPoller$ItemCreator.class
zmq/socket/Sockets$14.class
org/zeromq/ZMonitor$ZEvent.class
zmq/ZError$InstantiationException.class
org/zeromq/ZProxy$Proxy.class
zmq/io/net/pgm/PgmReceiver.class
zmq/io/coder/v1/V1Encoder.class
zmq/io/mechanism/NullMechanism.class
org/zeromq/ZAuth$SimpleCurveAuth.class
zmq/Mailbox.class
org/zeromq/ZStar$Fortune.class
zmq/io/mechanism/plain/PlainClientMechanism$1.class
zmq/io/mechanism/curve/Curve$Size$1.class
zmq/socket/Sockets$9.class
org/zeromq/util/ZDigest.class
zmq/io/EngineNotImplemented.class
zmq/io/mechanism/plain/PlainClientMechanism.class
zmq/socket/reqrep/Router$Outpipe.class
org/zeromq/ZBeacon.class
org/zeromq/ZCertStore$1.class
zmq/poll/PollerBase$TimerInfo.class
zmq/io/net/tcp/TcpAddress.class
org/zeromq/ZMQ$Event.class
org/zeromq/ZConfig.class
org/zeromq/ZPoller$ZPollItem.class
org/zeromq/ZProxy$State.class
zmq/io/net/Address$IZAddress.class
zmq/socket/reqrep/Rep.class
